
Discarded input sections

 .text          0x00000000        0x0 ..\obj\system_stm32f10x.o
 .data          0x00000000       0x14 ..\obj\system_stm32f10x.o
 .bss           0x00000000        0x0 ..\obj\system_stm32f10x.o
 .text.SystemCoreClockUpdate
                0x00000000      0x140 ..\obj\system_stm32f10x.o
 .text          0x00000000        0x0 ..\obj\stm32f10x_gpio.o
 .data          0x00000000        0x0 ..\obj\stm32f10x_gpio.o
 .bss           0x00000000        0x0 ..\obj\stm32f10x_gpio.o
 .text.GPIO_DeInit
                0x00000000       0xe4 ..\obj\stm32f10x_gpio.o
 .text.GPIO_AFIODeInit
                0x00000000       0x18 ..\obj\stm32f10x_gpio.o
 .text.GPIO_Init
                0x00000000      0x178 ..\obj\stm32f10x_gpio.o
 .text.GPIO_StructInit
                0x00000000       0x26 ..\obj\stm32f10x_gpio.o
 .text.GPIO_ReadInputDataBit
                0x00000000       0x32 ..\obj\stm32f10x_gpio.o
 .text.GPIO_ReadInputData
                0x00000000       0x18 ..\obj\stm32f10x_gpio.o
 .text.GPIO_ReadOutputDataBit
                0x00000000       0x32 ..\obj\stm32f10x_gpio.o
 .text.GPIO_ReadOutputData
                0x00000000       0x18 ..\obj\stm32f10x_gpio.o
 .text.GPIO_SetBits
                0x00000000       0x1c ..\obj\stm32f10x_gpio.o
 .text.GPIO_ResetBits
                0x00000000       0x1c ..\obj\stm32f10x_gpio.o
 .text.GPIO_WriteBit
                0x00000000       0x2e ..\obj\stm32f10x_gpio.o
 .text.GPIO_Write
                0x00000000       0x1c ..\obj\stm32f10x_gpio.o
 .text.GPIO_PinLockConfig
                0x00000000       0x42 ..\obj\stm32f10x_gpio.o
 .text.GPIO_EventOutputConfig
                0x00000000       0x4c ..\obj\stm32f10x_gpio.o
 .text.GPIO_EventOutputCmd
                0x00000000       0x20 ..\obj\stm32f10x_gpio.o
 .text.GPIO_PinRemapConfig
                0x00000000       0xe0 ..\obj\stm32f10x_gpio.o
 .text.GPIO_EXTILineConfig
                0x00000000       0x84 ..\obj\stm32f10x_gpio.o
 .text.GPIO_ETH_MediaInterfaceConfig
                0x00000000       0x1c ..\obj\stm32f10x_gpio.o
 .debug_info    0x00000000      0x6fd ..\obj\stm32f10x_gpio.o
 .debug_abbrev  0x00000000      0x1db ..\obj\stm32f10x_gpio.o
 .debug_aranges
                0x00000000       0xa8 ..\obj\stm32f10x_gpio.o
 .debug_ranges  0x00000000       0x98 ..\obj\stm32f10x_gpio.o
 .debug_line    0x00000000      0x3da ..\obj\stm32f10x_gpio.o
 .debug_str     0x00000000      0x52d ..\obj\stm32f10x_gpio.o
 .comment       0x00000000       0x80 ..\obj\stm32f10x_gpio.o
 .debug_frame   0x00000000      0x2d0 ..\obj\stm32f10x_gpio.o
 .ARM.attributes
                0x00000000       0x33 ..\obj\stm32f10x_gpio.o
 .text          0x00000000        0x0 ..\obj\main.o
 .data          0x00000000        0x0 ..\obj\main.o
 .text          0x00000000        0x0 ..\obj\stm32f10x_rcc.o
 .data          0x00000000       0x14 ..\obj\stm32f10x_rcc.o
 .bss           0x00000000        0x0 ..\obj\stm32f10x_rcc.o
 .text.RCC_DeInit
                0x00000000       0x70 ..\obj\stm32f10x_rcc.o
 .text.RCC_HSEConfig
                0x00000000       0x5c ..\obj\stm32f10x_rcc.o
 .text.RCC_WaitForHSEStartUp
                0x00000000       0x50 ..\obj\stm32f10x_rcc.o
 .text.RCC_AdjustHSICalibrationValue
                0x00000000       0x3c ..\obj\stm32f10x_rcc.o
 .text.RCC_HSICmd
                0x00000000       0x20 ..\obj\stm32f10x_rcc.o
 .text.RCC_PLLConfig
                0x00000000       0x3c ..\obj\stm32f10x_rcc.o
 .text.RCC_PLLCmd
                0x00000000       0x20 ..\obj\stm32f10x_rcc.o
 .text.RCC_PREDIV1Config
                0x00000000       0x40 ..\obj\stm32f10x_rcc.o
 .text.RCC_PREDIV2Config
                0x00000000       0x38 ..\obj\stm32f10x_rcc.o
 .text.RCC_PLL2Config
                0x00000000       0x38 ..\obj\stm32f10x_rcc.o
 .text.RCC_PLL2Cmd
                0x00000000       0x20 ..\obj\stm32f10x_rcc.o
 .text.RCC_PLL3Config
                0x00000000       0x38 ..\obj\stm32f10x_rcc.o
 .text.RCC_PLL3Cmd
                0x00000000       0x20 ..\obj\stm32f10x_rcc.o
 .text.RCC_SYSCLKConfig
                0x00000000       0x38 ..\obj\stm32f10x_rcc.o
 .text.RCC_GetSYSCLKSource
                0x00000000       0x1c ..\obj\stm32f10x_rcc.o
 .text.RCC_HCLKConfig
                0x00000000       0x38 ..\obj\stm32f10x_rcc.o
 .text.RCC_PCLK1Config
                0x00000000       0x38 ..\obj\stm32f10x_rcc.o
 .text.RCC_PCLK2Config
                0x00000000       0x38 ..\obj\stm32f10x_rcc.o
 .text.RCC_ITConfig
                0x00000000       0x4c ..\obj\stm32f10x_rcc.o
 .text.RCC_OTGFSCLKConfig
                0x00000000       0x1c ..\obj\stm32f10x_rcc.o
 .text.RCC_ADCCLKConfig
                0x00000000       0x38 ..\obj\stm32f10x_rcc.o
 .text.RCC_I2S2CLKConfig
                0x00000000       0x1c ..\obj\stm32f10x_rcc.o
 .text.RCC_I2S3CLKConfig
                0x00000000       0x1c ..\obj\stm32f10x_rcc.o
 .text.RCC_LSEConfig
                0x00000000       0x40 ..\obj\stm32f10x_rcc.o
 .text.RCC_LSICmd
                0x00000000       0x20 ..\obj\stm32f10x_rcc.o
 .text.RCC_RTCCLKConfig
                0x00000000       0x24 ..\obj\stm32f10x_rcc.o
 .text.RCC_RTCCLKCmd
                0x00000000       0x20 ..\obj\stm32f10x_rcc.o
 .text.RCC_GetClocksFreq
                0x00000000      0x1c8 ..\obj\stm32f10x_rcc.o
 .text.RCC_AHBPeriphClockCmd
                0x00000000       0x3c ..\obj\stm32f10x_rcc.o
 .text.RCC_APB2PeriphClockCmd
                0x00000000       0x3c ..\obj\stm32f10x_rcc.o
 .text.RCC_APB1PeriphClockCmd
                0x00000000       0x3c ..\obj\stm32f10x_rcc.o
 .text.RCC_AHBPeriphResetCmd
                0x00000000       0x3c ..\obj\stm32f10x_rcc.o
 .text.RCC_APB2PeriphResetCmd
                0x00000000       0x3c ..\obj\stm32f10x_rcc.o
 .text.RCC_APB1PeriphResetCmd
                0x00000000       0x3c ..\obj\stm32f10x_rcc.o
 .text.RCC_BackupResetCmd
                0x00000000       0x20 ..\obj\stm32f10x_rcc.o
 .text.RCC_ClockSecuritySystemCmd
                0x00000000       0x20 ..\obj\stm32f10x_rcc.o
 .text.RCC_MCOConfig
                0x00000000       0x20 ..\obj\stm32f10x_rcc.o
 .text.RCC_GetFlagStatus
                0x00000000       0x74 ..\obj\stm32f10x_rcc.o
 .text.RCC_ClearFlag
                0x00000000       0x1c ..\obj\stm32f10x_rcc.o
 .text.RCC_GetITStatus
                0x00000000       0x34 ..\obj\stm32f10x_rcc.o
 .text.RCC_ClearITPendingBit
                0x00000000       0x20 ..\obj\stm32f10x_rcc.o
 .debug_info    0x00000000      0xab4 ..\obj\stm32f10x_rcc.o
 .debug_abbrev  0x00000000      0x1cd ..\obj\stm32f10x_rcc.o
 .debug_aranges
                0x00000000      0x160 ..\obj\stm32f10x_rcc.o
 .debug_ranges  0x00000000      0x150 ..\obj\stm32f10x_rcc.o
 .debug_line    0x00000000      0x591 ..\obj\stm32f10x_rcc.o
 .debug_str     0x00000000      0x776 ..\obj\stm32f10x_rcc.o
 .comment       0x00000000       0x80 ..\obj\stm32f10x_rcc.o
 .debug_frame   0x00000000      0x65c ..\obj\stm32f10x_rcc.o
 .ARM.attributes
                0x00000000       0x33 ..\obj\stm32f10x_rcc.o
 .text          0x00000000        0x0 ..\obj\startup_stm32f10x_cl.o
 .data          0x00000000        0x0 ..\obj\startup_stm32f10x_cl.o
 .bss           0x00000000        0x0 ..\obj\startup_stm32f10x_cl.o

Memory Configuration

Name             Origin             Length             Attributes
rom              0x20000000         0x00008000         xr
ram              0x20008000         0x00008000         xrw
*default*        0x00000000         0xffffffff

Linker script and memory map

                0x20010000                _eram = 0x20010000

.text           0x20000000      0x6fb
 *(.isr_vector)
 .isr_vector    0x20000000      0x154 ..\obj\startup_stm32f10x_cl.o
                0x20000000                g_pfnVectors
 *(.text*)
 .text.SystemInit
                0x20000154       0x7c ..\obj\system_stm32f10x.o
                0x20000154                SystemInit
 .text.SetSysClock
                0x200001d0        0xc ..\obj\system_stm32f10x.o
 .text.SetSysClockTo72
                0x200001dc      0x138 ..\obj\system_stm32f10x.o
 .text.NVIC_EnableIRQ
                0x20000314       0x30 ..\obj\main.o
 .text.TIM6_IRQHandler
                0x20000344       0x7c ..\obj\main.o
                0x20000344                TIM6_IRQHandler
 .text.main     0x200003c0       0xfc ..\obj\main.o
                0x200003c0                main
 .text.Write_EEPROM
                0x200004bc       0xb8 ..\obj\main.o
                0x200004bc                Write_EEPROM
 .text.Read_EEPROM
                0x20000574      0x11c ..\obj\main.o
                0x20000574                Read_EEPROM
 .text.Default_Reset_Handler
                0x20000690       0x60 ..\obj\startup_stm32f10x_cl.o
                0x20000690                Default_Reset_Handler
                0x20000690                Reset_Handler
 .text.Default_Handler
                0x200006f0        0x6 ..\obj\startup_stm32f10x_cl.o
                0x200006f0                EXTI2_IRQHandler
                0x200006f0                DebugMon_Handler
                0x200006f0                TIM1_CC_IRQHandler
                0x200006f0                HardFault_Handler
                0x200006f0                SysTick_Handler
                0x200006f0                PVD_IRQHandler
                0x200006f0                PendSV_Handler
                0x200006f0                NMI_Handler
                0x200006f0                CAN2_RX1_IRQHandler
                0x200006f0                EXTI3_IRQHandler
                0x200006f0                EXTI0_IRQHandler
                0x200006f0                I2C2_EV_IRQHandler
                0x200006f0                CAN1_RX0_IRQHandler
                0x200006f0                UsageFault_Handler
                0x200006f0                CAN2_SCE_IRQHandler
                0x200006f0                ADC1_2_IRQHandler
                0x200006f0                SPI1_IRQHandler
                0x200006f0                TAMPER_IRQHandler
                0x200006f0                CAN2_RX0_IRQHandler
                0x200006f0                DMA2_Channel2_IRQHandler
                0x200006f0                DMA1_Channel4_IRQHandler
                0x200006f0                USART3_IRQHandler
                0x200006f0                RTC_IRQHandler
                0x200006f0                DMA1_Channel7_IRQHandler
                0x200006f0                CAN1_RX1_IRQHandler
                0x200006f0                UART5_IRQHandler
                0x200006f0                TIM4_IRQHandler
                0x200006f0                DMA2_Channel1_IRQHandler
                0x200006f0                I2C1_EV_IRQHandler
                0x200006f0                DMA1_Channel6_IRQHandler
                0x200006f0                UART4_IRQHandler
                0x200006f0                DMA2_Channel4_IRQHandler
                0x200006f0                TIM3_IRQHandler
                0x200006f0                RCC_IRQHandler
                0x200006f0                TIM1_TRG_COM_IRQHandler
                0x200006f0                DMA1_Channel1_IRQHandler
                0x200006f0                EXTI15_10_IRQHandler
                0x200006f0                TIM7_IRQHandler
                0x200006f0                CAN2_TX_IRQHandler
                0x200006f0                TIM5_IRQHandler
                0x200006f0                EXTI9_5_IRQHandler
                0x200006f0                ETH_WKUP_IRQHandler
                0x200006f0                SPI2_IRQHandler
                0x200006f0                MemManage_Handler
                0x200006f0                CAN1_TX_IRQHandler
                0x200006f0                SVC_Handler
                0x200006f0                DMA2_Channel5_IRQHandler
                0x200006f0                DMA1_Channel5_IRQHandler
                0x200006f0                EXTI4_IRQHandler
                0x200006f0                DMA1_Channel3_IRQHandler
                0x200006f0                ETH_IRQHandler
                0x200006f0                TIM1_UP_IRQHandler
                0x200006f0                WWDG_IRQHandler
                0x200006f0                TIM2_IRQHandler
                0x200006f0                OTG_FS_WKUP_IRQHandler
                0x200006f0                TIM1_BRK_IRQHandler
                0x200006f0                EXTI1_IRQHandler
                0x200006f0                RTCAlarm_IRQHandler
                0x200006f0                USART2_IRQHandler
                0x200006f0                I2C2_ER_IRQHandler
                0x200006f0                DMA1_Channel2_IRQHandler
                0x200006f0                CAN1_SCE_IRQHandler
                0x200006f0                FLASH_IRQHandler
                0x200006f0                BusFault_Handler
                0x200006f0                USART1_IRQHandler
                0x200006f0                OTG_FS_IRQHandler
                0x200006f0                SPI3_IRQHandler
                0x200006f0                I2C1_ER_IRQHandler
                0x200006f0                DMA2_Channel3_IRQHandler
 *(.init)
 *(.fini)
 *crtbegin.o(.ctors)
 *crtbegin?.o(.ctors)
 *(EXCLUDE_FILE(*crtend.o *crtend?.o) .ctors)
 *(SORT(.ctors.*))
 *(.ctors)
 *crtbegin.o(.dtors)
 *crtbegin?.o(.dtors)
 *(EXCLUDE_FILE(*crtend.o *crtend?.o) .dtors)
 *(SORT(.dtors.*))
 *(.dtors)
 *(.rodata*)
 *fill*         0x200006f6        0x2 
 .rodata        0x200006f8        0x3 ..\obj\main.o
                0x200006f8                data_Write
 *(.eh_fram e*)

.glue_7         0x200006fc        0x0
 .glue_7        0x200006fc        0x0 linker stubs

.glue_7t        0x200006fc        0x0
 .glue_7t       0x200006fc        0x0 linker stubs

.vfp11_veneer   0x200006fc        0x0
 .vfp11_veneer  0x200006fc        0x0 linker stubs

.v4_bx          0x200006fc        0x0
 .v4_bx         0x200006fc        0x0 linker stubs

.iplt           0x200006fc        0x0
 .iplt          0x200006fc        0x0 ..\obj\system_stm32f10x.o

.rel.dyn        0x200006fc        0x0
 .rel.iplt      0x200006fc        0x0 ..\obj\system_stm32f10x.o

.ARM.extab
 *(.ARM.extab* .gnu.linkonce.armextab.*)
                0x200006fc                __exidx_start = .

.ARM.exidx
 *(.ARM.exidx* .gnu.linkonce.armexidx.*)
                0x200006fc                __exidx_end = .
                0x200006fc                __etext = .
                0x200006fb                _sidata = __etext

.data           0x20008000        0x0 load address 0x200006fb
                0x20008000                __data_start__ = .
                0x20008000                _sdata = __data_start__
 *(vtable)
 *(.data*)
                0x20008000                . = ALIGN (0x4)
                [!provide]                PROVIDE (__preinit_array_start, .)
 *(.preinit_array)
                [!provide]                PROVIDE (__preinit_array_end, .)
                0x20008000                . = ALIGN (0x4)
                [!provide]                PROVIDE (__init_array_start, .)
 *(SORT(.init_array.*))
 *(.init_array)
                [!provide]                PROVIDE (__init_array_end, .)
                0x20008000                . = ALIGN (0x4)
                [!provide]                PROVIDE (__fini_array_start, .)
 *(SORT(.fini_array.*))
 *(.fini_array)
                [!provide]                PROVIDE (__fini_array_end, .)
 *(.jcr*)
                0x20008000                . = ALIGN (0x4)
                0x20008000                __data_end__ = .
                0x20008000                _edata = __data_end__

.igot.plt       0x20008000        0x0
 .igot.plt      0x20008000        0x0 ..\obj\system_stm32f10x.o

.bss            0x20008000        0x4
                0x20008000                . = ALIGN (0x4)
                0x20008000                __bss_start__ = .
                0x20008000                _sbss = __bss_start__
 *(.bss*)
 .bss           0x20008000        0x3 ..\obj\main.o
                0x20008000                data_Read
 *(COMMON)
                0x20008004                . = ALIGN (0x4)
 *fill*         0x20008003        0x1 
                0x20008004                __bss_end__ = .
                0x20008004                _ebss = __bss_end__

.heap           0x20008004        0x0
                0x20008004                __end__ = .
                0x20008004                _end = __end__
                0x20008004                end = __end__
 *(.heap*)
                0x20008004                __HeapLimit = .

.co_stack       0x20008004      0x404
                0x20008008                . = ALIGN (0x8)
 *fill*         0x20008004        0x4 
 *(.co_stack .co_stack.*)
 .co_stack      0x20008008      0x400 ..\obj\startup_stm32f10x_cl.o
                0x20008008                pulStack
                0x20010000                __StackTop = (ORIGIN (ram) + LENGTH (ram))
                0x2000fbfc                __StackLimit = (__StackTop - SIZEOF (.co_stack))
                [!provide]                PROVIDE (__stack, __StackTop)
                0x00000001                ASSERT ((__StackLimit >= __HeapLimit), region ram  overflowed with stack)
LOAD ..\obj\system_stm32f10x.o
LOAD ..\obj\stm32f10x_gpio.o
LOAD ..\obj\main.o
LOAD ..\obj\stm32f10x_rcc.o
LOAD ..\obj\startup_stm32f10x_cl.o
START GROUP
LOAD c:/program files/gnu tools arm embedded/6 2017-q1-update/bin/../lib/gcc/arm-none-eabi/6.3.1/thumb/v7-m\libgcc.a
LOAD c:/program files/gnu tools arm embedded/6 2017-q1-update/bin/../lib/gcc/arm-none-eabi/6.3.1/../../../../arm-none-eabi/lib/thumb/v7-m\libg.a
LOAD c:/program files/gnu tools arm embedded/6 2017-q1-update/bin/../lib/gcc/arm-none-eabi/6.3.1/../../../../arm-none-eabi/lib/thumb/v7-m\libc.a
END GROUP
OUTPUT(8_MS_5.elf elf32-littlearm)

.debug_info     0x00000000     0x10f8
 .debug_info    0x00000000      0x4f9 ..\obj\system_stm32f10x.o
 .debug_info    0x000004f9      0xaf4 ..\obj\main.o
 .debug_info    0x00000fed      0x10b ..\obj\startup_stm32f10x_cl.o

.debug_abbrev   0x00000000      0x3e7
 .debug_abbrev  0x00000000      0x16c ..\obj\system_stm32f10x.o
 .debug_abbrev  0x0000016c      0x1c5 ..\obj\main.o
 .debug_abbrev  0x00000331       0xb6 ..\obj\startup_stm32f10x_cl.o

.debug_aranges  0x00000000       0xa0
 .debug_aranges
                0x00000000       0x38 ..\obj\system_stm32f10x.o
 .debug_aranges
                0x00000038       0x40 ..\obj\main.o
 .debug_aranges
                0x00000078       0x28 ..\obj\startup_stm32f10x_cl.o

.debug_ranges   0x00000000       0x70
 .debug_ranges  0x00000000       0x28 ..\obj\system_stm32f10x.o
 .debug_ranges  0x00000028       0x30 ..\obj\main.o
 .debug_ranges  0x00000058       0x18 ..\obj\startup_stm32f10x_cl.o

.debug_line     0x00000000      0x5a0
 .debug_line    0x00000000      0x242 ..\obj\system_stm32f10x.o
 .debug_line    0x00000242      0x2c0 ..\obj\main.o
 .debug_line    0x00000502       0x9e ..\obj\startup_stm32f10x_cl.o

.debug_str      0x00000000      0x93c
 .debug_str     0x00000000      0x2d9 ..\obj\system_stm32f10x.o
                                0x334 (size before relaxing)
 .debug_str     0x000002d9      0x5a5 ..\obj\main.o
                                0x7c7 (size before relaxing)
 .debug_str     0x0000087e       0xbe ..\obj\startup_stm32f10x_cl.o
                                0x155 (size before relaxing)

.comment        0x00000000       0x7f
 .comment       0x00000000       0x7f ..\obj\system_stm32f10x.o
                                 0x80 (size before relaxing)
 .comment       0x0000007f       0x80 ..\obj\main.o
 .comment       0x0000007f       0x80 ..\obj\startup_stm32f10x_cl.o

.ARM.attributes
                0x00000000       0x33
 .ARM.attributes
                0x00000000       0x33 ..\obj\system_stm32f10x.o
 .ARM.attributes
                0x00000033       0x33 ..\obj\main.o
 .ARM.attributes
                0x00000066       0x33 ..\obj\startup_stm32f10x_cl.o

.debug_frame    0x00000000      0x1ac
 .debug_frame   0x00000000       0x98 ..\obj\system_stm32f10x.o
 .debug_frame   0x00000098       0xc8 ..\obj\main.o
 .debug_frame   0x00000160       0x4c ..\obj\startup_stm32f10x_cl.o
